<?xml version="1.0" encoding="utf-8"?>
<test-run id="2" testcasecount="1" result="Passed" total="1" passed="1" failed="0" inconclusive="0" skipped="0" asserts="0" engine-version="3.5.0.0" clr-version="4.0.30319.42000" start-time="2026-09-26 14:46:24Z" end-time="2026-09-26 14:46:24Z" duration="0.0747534">
  <test-suite type="TestSuite" id="1000" name="unity" fullname="unity" runstate="Runnable" testcasecount="823" result="Passed" start-time="2026-09-26 14:46:24Z" end-time="2026-09-26 14:46:24Z" duration="0.074753" total="1" passed="1" failed="0" inconclusive="0" skipped="0" asserts="0">
    <properties>
      <property name="platform" value="EditMode" />
    </properties>
    <test-suite type="Assembly" id="1865" name="Sim.Contracts.Tests.dll" fullname="/home/gu/文档/nm/nm2/Claude-Code-Game-Studios/unity/Library/ScriptAssemblies/Sim.Contracts.Tests.dll" runstate="Runnable" testcasecount="822" result="Passed" start-time="2026-09-26 14:46:24Z" end-time="2026-09-26 14:46:24Z" duration="0.062090" total="1" passed="1" failed="0" inconclusive="0" skipped="0" asserts="0">
      <properties>
        <property name="_PID" value="3799870" />
        <property name="_APPDOMAIN" value="Unity Child Domain" />
        <property name="platform" value="EditMode" />
        <property name="EditorOnly" value="True" />
      </properties>
      <test-suite type="TestSuite" id="1866" name="DaYiJingCheng" fullname="DaYiJingCheng" runstate="Runnable" testcasecount="822" result="Passed" start-time="2026-09-26 14:46:24Z" end-time="2026-09-26 14:46:24Z" duration="0.056858" total="1" passed="1" failed="0" inconclusive="0" skipped="0" asserts="0">
        <properties />
        <test-suite type="TestSuite" id="1867" name="Tests" fullname="DaYiJingCheng.Tests" runstate="Runnable" testcasecount="822" result="Passed" start-time="2026-09-26 14:46:24Z" end-time="2026-09-26 14:46:24Z" duration="0.051861" total="1" passed="1" failed="0" inconclusive="0" skipped="0" asserts="0">
          <properties />
          <test-suite type="TestSuite" id="1868" name="Unit" fullname="DaYiJingCheng.Tests.Unit" runstate="Runnable" testcasecount="822" result="Passed" start-time="2026-09-26 14:46:24Z" end-time="2026-09-26 14:46:24Z" duration="0.046961" total="1" passed="1" failed="0" inconclusive="0" skipped="0" asserts="0">
            <properties />
            <test-suite type="TestSuite" id="1872" name="Audio" fullname="DaYiJingCheng.Tests.Unit.Audio" runstate="Runnable" testcasecount="153" result="Passed" start-time="2026-09-26 14:46:24Z" end-time="2026-09-26 14:46:24Z" duration="0.039881" total="1" passed="1" failed="0" inconclusive="0" skipped="0" asserts="0">
              <properties />
              <test-suite type="TestFixture" id="1732" name="BreathLayersTest" fullname="DaYiJingCheng.Tests.Unit.Audio.BreathLayersTest" classname="DaYiJingCheng.Tests.Unit.Audio.BreathLayersTest" runstate="Runnable" testcasecount="38" result="Passed" start-time="2026-09-26 14:46:24Z" end-time="2026-09-26 14:46:24Z" duration="0.037603" total="1" passed="1" failed="0" inconclusive="0" skipped="0" asserts="0">
                <properties />
                <test-case id="1748" name="test_experiment1_getFloatAlone_discriminatesHaVsHb" fullname="DaYiJingCheng.Tests.Unit.Audio.BreathLayersTest.test_experiment1_getFloatAlone_discriminatesHaVsHb" methodname="test_experiment1_getFloatAlone_discriminatesHaVsHb" classname="DaYiJingCheng.Tests.Unit.Audio.BreathLayersTest" runstate="Runnable" seed="621391776" result="Passed" start-time="2026-09-26 14:46:24Z" end-time="2026-09-26 14:46:24Z" duration="0.021143" asserts="0">
                  <properties>
                    <property name="retryIteration" value="0" />
                    <property name="repeatIteration" value="0" />
                  </properties>
                  <output><![CDATA[[实验1·GetFloat] bus_volume_master ⇒ got=True value=0
[实验1·GetFloat] bus_volume_music ⇒ got=True value=0
[实验1·GetFloat] bus_volume_ambience ⇒ got=True value=0
[实验1·GetFloat] bus_volume_voice ⇒ got=True value=0
[实验1·GetFloat] bus_volume_sfx ⇒ got=True value=0
[实验1·GetFloat] bus_volume_stethoscope ⇒ got=True value=0
[实验1·GetFloat] bus_volume_uicue ⇒ got=True value=0
Saving results to: /home/gu/.config/unity3d/DefaultCompany/unity/TestResults.xml
]]></output>
                </test-case>
              </test-suite>
            </test-suite>
          </test-suite>
        </test-suite>
      </test-suite>
    </test-suite>
  </test-suite>
</test-run>